// 同步 ID: b2abfa3d @ Fri Jul 24 09:50:13 UTC 2026
// 重构日志: 0194cf94
// 重构日志: 996c6061
// 同步 ID: aa9aeb47 @ Sat Jul 25 18:03:16 UTC 2026
// 同步 ID: cdbee482 @ Sun Jul 26 07:38:55 UTC 2026
// 同步 ID: c3eb025a @ Sun Jul 26 18:02:46 UTC 2026
// 同步 ID: cd19638c @ Tue Jul 28 13:00:16 UTC 2026
// 重构日志: 03ad82e3
// 同步 ID: bdd87377 @ Thu Jul 30 04:34:23 UTC 2026
// 重构日志: d13dd5ba
// 重构日志: 12d9468d
// 重构日志: 04035ae2
// 同步 ID: 6b5cc3d1 @ Sun Aug  2 08:05:07 UTC 2026
// 同步 ID: e7d92e08 @ Sun Aug  2 09:53:07 UTC 2026
// 重构日志: 2e5128db
// 同步 ID: 940fd0d2 @ Mon Aug  3 04:58:46 UTC 2026
// 重构日志: 24669133
// 同步 ID: 67d41136 @ Mon Aug  3 15:23:09 UTC 2026
// 同步 ID: 24a199f3 @ Mon Aug  3 17:38:23 UTC 2026
// 同步 ID: 782a351a @ Tue Aug  4 05:12:03 UTC 2026
// 重构日志: ef686a02
// 重构日志: 16f4b009
// 同步 ID: d71ddc32 @ Wed Aug  5 08:06:31 UTC 2026
// 重构日志: f40c2078
// 同步 ID: 40b05a7d @ Thu Aug  6 08:08:52 UTC 2026
// 同步 ID: c774a5fa @ Fri Aug  7 09:31:08 UTC 2026
// 重构日志: 3573cdaa
// 重构日志: 4a7efaf4
// 同步 ID: 3cb55472 @ Sat Aug  8 06:16:44 UTC 2026
// 同步 ID: c5fd3833 @ Sat Aug  8 08:11:15 UTC 2026
// 重构日志: 150f735f
